[   55053ms] [ERROR] Failed to load resource: net::ERR_CONNECTION_REFUSED @ http://localhost:3999/assets/js/5e95c892.3bc5aa09.js:0
[   55054ms] [ERROR] Failed to load resource: net::ERR_CONNECTION_REFUSED @ http://localhost:3999/assets/js/aba21aa0.e545febd.js:0
[   55057ms] ChunkLoadError: Loading chunk 9647 failed.
(error: http://localhost:3999/assets/js/5e95c892.3bc5aa09.js)
    at t.f.j (http://localhost:3999/assets/js/runtime~main.0240c802.js:1:66615)
    at http://localhost:3999/assets/js/runtime~main.0240c802.js:1:1210
    at Array.reduce (<anonymous>)
    at t.e (http://localhost:3999/assets/js/runtime~main.0240c802.js:1:1189)
    at r.5e95c892 (http://localhost:3999/assets/js/main.d76bc2c4.js:2:61858)
    at p (http://localhost:3999/assets/js/main.d76bc2c4.js:2:857352)
    at http://localhost:3999/assets/js/main.d76bc2c4.js:2:857622
    at Array.forEach (<anonymous>)
    at u (http://localhost:3999/assets/js/main.d76bc2c4.js:2:857596)
    at m (http://localhost:3999/assets/js/main.d76bc2c4.js:2:858232)
[   55054ms] [ERROR] Failed to load resource: net::ERR_CONNECTION_REFUSED @ http://localhost:3999/assets/js/a7bd4aaa.0276ab74.js:0
[   55054ms] [ERROR] Failed to load resource: net::ERR_CONNECTION_REFUSED @ http://localhost:3999/assets/js/0058b4c6.3c908559.js:0
[   55054ms] [ERROR] Failed to load resource: net::ERR_CONNECTION_REFUSED @ http://localhost:3999/assets/js/a94703ab.5b3ea823.js:0
[   55055ms] [ERROR] Failed to load resource: net::ERR_CONNECTION_REFUSED @ http://localhost:3999/assets/js/14eb3368.6f3be3e0.js:0
[   55055ms] [ERROR] Failed to load resource: net::ERR_CONNECTION_REFUSED @ http://localhost:3999/assets/js/d0d8dfc2.a22e7566.js:0
[   55067ms] ChunkLoadError: Loading chunk 9647 failed.
(error: http://localhost:3999/assets/js/5e95c892.3bc5aa09.js)
    at t.f.j (http://localhost:3999/assets/js/runtime~main.0240c802.js:1:66615)
    at http://localhost:3999/assets/js/runtime~main.0240c802.js:1:1210
    at Array.reduce (<anonymous>)
    at t.e (http://localhost:3999/assets/js/runtime~main.0240c802.js:1:1189)
    at r.5e95c892 (http://localhost:3999/assets/js/main.d76bc2c4.js:2:61858)
    at p (http://localhost:3999/assets/js/main.d76bc2c4.js:2:857352)
    at http://localhost:3999/assets/js/main.d76bc2c4.js:2:857622
    at Array.forEach (<anonymous>)
    at u (http://localhost:3999/assets/js/main.d76bc2c4.js:2:857596)
    at m (http://localhost:3999/assets/js/main.d76bc2c4.js:2:858232)
[   55062ms] [ERROR] Failed to load resource: net::ERR_CONNECTION_REFUSED @ http://localhost:3999/assets/js/14eb3368.6f3be3e0.js:0
[   55062ms] [ERROR] Failed to load resource: net::ERR_CONNECTION_REFUSED @ http://localhost:3999/assets/js/a3a28eac.c9f1bf66.js:0
[   55106ms] ChunkLoadError: Loading chunk 9647 failed.
(error: http://localhost:3999/assets/js/5e95c892.3bc5aa09.js)
    at t.f.j (http://localhost:3999/assets/js/runtime~main.0240c802.js:1:66615)
    at http://localhost:3999/assets/js/runtime~main.0240c802.js:1:1210
    at Array.reduce (<anonymous>)
    at t.e (http://localhost:3999/assets/js/runtime~main.0240c802.js:1:1189)
    at r.5e95c892 (http://localhost:3999/assets/js/main.d76bc2c4.js:2:61858)
    at p (http://localhost:3999/assets/js/main.d76bc2c4.js:2:857352)
    at http://localhost:3999/assets/js/main.d76bc2c4.js:2:857622
    at Array.forEach (<anonymous>)
    at u (http://localhost:3999/assets/js/main.d76bc2c4.js:2:857596)
    at m (http://localhost:3999/assets/js/main.d76bc2c4.js:2:858232)
[   55100ms] [ERROR] Failed to load resource: net::ERR_CONNECTION_REFUSED @ http://localhost:3999/assets/js/14eb3368.6f3be3e0.js:0
[   55100ms] [ERROR] Failed to load resource: net::ERR_CONNECTION_REFUSED @ http://localhost:3999/assets/js/53e9626e.71fe0939.js:0
[   55568ms] ChunkLoadError: Loading chunk 9647 failed.
(error: http://localhost:3999/assets/js/5e95c892.3bc5aa09.js)
    at t.f.j (http://localhost:3999/assets/js/runtime~main.0240c802.js:1:66615)
    at http://localhost:3999/assets/js/runtime~main.0240c802.js:1:1210
    at Array.reduce (<anonymous>)
    at t.e (http://localhost:3999/assets/js/runtime~main.0240c802.js:1:1189)
    at r.5e95c892 (http://localhost:3999/assets/js/main.d76bc2c4.js:2:61858)
    at p (http://localhost:3999/assets/js/main.d76bc2c4.js:2:857352)
    at http://localhost:3999/assets/js/main.d76bc2c4.js:2:857622
    at Array.forEach (<anonymous>)
    at u (http://localhost:3999/assets/js/main.d76bc2c4.js:2:857596)
    at m (http://localhost:3999/assets/js/main.d76bc2c4.js:2:858232)
[   55567ms] [ERROR] Failed to load resource: net::ERR_CONNECTION_REFUSED @ http://localhost:3999/assets/js/12055.fe00fa74.js:0
[   55567ms] [ERROR] Failed to load resource: net::ERR_CONNECTION_REFUSED @ http://localhost:3999/assets/js/0e384e19.34c55bed.js:0
[   55567ms] [ERROR] Failed to load resource: net::ERR_CONNECTION_REFUSED @ http://localhost:3999/assets/js/17896441.793c778e.js:0
[   59314ms] [ERROR] Failed to load resource: net::ERR_CONNECTION_REFUSED @ http://localhost:3999/assets/js/5e95c892.3bc5aa09.js:0
[   59314ms] [ERROR] Failed to load resource: net::ERR_CONNECTION_REFUSED @ http://localhost:3999/assets/js/aba21aa0.e545febd.js:0
[   59316ms] [ERROR] Failed to load resource: net::ERR_CONNECTION_REFUSED @ http://localhost:3999/assets/js/a7bd4aaa.0276ab74.js:0
[   59316ms] [ERROR] Failed to load resource: net::ERR_CONNECTION_REFUSED @ http://localhost:3999/assets/js/0058b4c6.3c908559.js:0
[   59316ms] [ERROR] Failed to load resource: net::ERR_CONNECTION_REFUSED @ http://localhost:3999/assets/js/a94703ab.5b3ea823.js:0
[   59316ms] [ERROR] Failed to load resource: net::ERR_CONNECTION_REFUSED @ http://localhost:3999/assets/js/14eb3368.6f3be3e0.js:0
[   59316ms] [ERROR] Failed to load resource: net::ERR_CONNECTION_REFUSED @ http://localhost:3999/assets/js/a9554d25.2e88b486.js:0
[   59429ms] [ERROR] Failed to load resource: net::ERR_CONNECTION_REFUSED @ http://localhost:3999/assets/js/5e95c892.3bc5aa09.js:0
[   59429ms] [ERROR] Failed to load resource: net::ERR_CONNECTION_REFUSED @ http://localhost:3999/assets/js/aba21aa0.e545febd.js:0
[   59429ms] [ERROR] Failed to load resource: net::ERR_CONNECTION_REFUSED @ http://localhost:3999/assets/js/a7bd4aaa.0276ab74.js:0
[   59429ms] [ERROR] Failed to load resource: net::ERR_CONNECTION_REFUSED @ http://localhost:3999/assets/js/0058b4c6.3c908559.js:0
[   59429ms] [ERROR] Failed to load resource: net::ERR_CONNECTION_REFUSED @ http://localhost:3999/assets/js/a94703ab.5b3ea823.js:0
[   59430ms] [ERROR] Failed to load resource: net::ERR_CONNECTION_REFUSED @ http://localhost:3999/assets/js/14eb3368.6f3be3e0.js:0
[   59430ms] [ERROR] Failed to load resource: net::ERR_CONNECTION_REFUSED @ http://localhost:3999/assets/js/c228f9fa.ea27ab66.js:0
[   61987ms] [WARNING] ChunkLoadError: Loading chunk 9647 failed.
(error: http://localhost:3999/assets/js/5e95c892.3bc5aa09.js)
    at t.f.j (http://localhost:3999/assets/js/runtime~main.0240c802.js:1:66615)
    at http://localhost:3999/assets/js/runtime~main.0240c802.js:1:1210
    at Array.reduce (<anonymous>)
    at t.e (http://localhost:3999/assets/js/runtime~main.0240c802.js:1:1189)
    at r.5e95c892 (http://localhost:3999/assets/js/main.d76bc2c4.js:2:61858)
    at p (http://localhost:3999/assets/js/main.d76bc2c4.js:2:857352)
    at http://localhost:3999/assets/js/main.d76bc2c4.js:2:857622
    at Array.forEach (<anonymous>)
    at u (http://localhost:3999/assets/js/main.d76bc2c4.js:2:857596)
    at m (http://localhost:3999/assets/js/main.d76bc2c4.js:2:858232) @ http://localhost:3999/assets/js/main.d76bc2c4.js:1
[   80143ms] [ERROR] Failed to load resource: net::ERR_CONNECTION_REFUSED @ http://localhost:3999/assets/js/1df93b7f.28eff480.js:0
[   80143ms] [ERROR] Failed to load resource: net::ERR_CONNECTION_REFUSED @ http://localhost:3999/assets/js/a7456010.1f438c13.js:0
[   80148ms] [ERROR] Failed to load resource: net::ERR_CONNECTION_REFUSED @ http://localhost:3999/img/favicon.svg:0
